<html>
<body>
<pre>
<h1>µVision Build Log</h1>
<h2>Project:</h2>
I:\Users\zyc\Desktop\STM32\Stm32\TEST\USER\STM-DEMO.uvproj
Project File Date:  06/14/2018

<h2>Output:</h2>
compiling main.c...
main.c(5): error:  #165: too few arguments in function call
main.c - 1 Error(s), 0 Warning(s).
compiling main.c...
main.c - 0 Error(s), 0 Warning(s).
compiling main.c...
main.c(5): error:  #165: too few arguments in function call
main.c - 1 Error(s), 0 Warning(s).
compiling stm32f10x_gpio.c...
..\FWlib\src\stm32f10x_gpio.c - 0 Error(s), 0 Warning(s).
compiling main.c...
main.c(6): error:  #20: identifier "GPIO_Pin5" is undefined
main.c - 1 Error(s), 0 Warning(s).
compiling main.c...
main.c - 0 Error(s), 0 Warning(s).
Build target 'Target 1'
linking...
Program Size: Code=6216 RO-data=336 RW-data=40 ZI-data=1632  
FromELF: creating hex file...
"..\Output\STM-DEMO.axf" - 0 Error(s), 0 Warning(s).
Build target 'Target 1'
compiling main.c...
linking...
Program Size: Code=6216 RO-data=336 RW-data=40 ZI-data=1632  
FromELF: creating hex file...
"..\Output\STM-DEMO.axf" - 0 Error(s), 0 Warning(s).
Build target 'Target 1'
linking...
Program Size: Code=6216 RO-data=336 RW-data=40 ZI-data=1632  
FromELF: creating hex file...
"..\Output\STM-DEMO.axf" - 0 Error(s), 0 Warning(s).
Build target 'Target 1'
linking...
Program Size: Code=6216 RO-data=336 RW-data=40 ZI-data=1632  
FromELF: creating hex file...
"..\Output\STM-DEMO.axf" - 0 Error(s), 0 Warning(s).
compiling main.c...
main.c - 0 Error(s), 0 Warning(s).
Build target 'Target 1'
compiling main.c...
main.c(6): error:  #165: too few arguments in function call
Target not created
Build target 'Target 1'
compiling main.c...
linking...
Program Size: Code=6216 RO-data=336 RW-data=40 ZI-data=1632  
FromELF: creating hex file...
"..\Output\STM-DEMO.axf" - 0 Error(s), 0 Warning(s).
Build target 'Target 1'
assembling startup_stm32f10x_hd.s...
linking...
Program Size: Code=6216 RO-data=336 RW-data=40 ZI-data=1632  
FromELF: creating hex file...
"..\Output\STM-DEMO.axf" - 0 Error(s), 0 Warning(s).
Build target 'Target 1'
assembling startup_stm32f10x_hd.s...
compiling misc.c...
compiling stm32f10x_adc.c...
compiling stm32f10x_bkp.c...
compiling stm32f10x_can.c...
compiling stm32f10x_cec.c...
compiling stm32f10x_crc.c...
compiling stm32f10x_dac.c...
compiling stm32f10x_dbgmcu.c...
compiling stm32f10x_dma.c...
compiling stm32f10x_exti.c...
compiling stm32f10x_flash.c...
compiling stm32f10x_fsmc.c...
compiling stm32f10x_gpio.c...
compiling stm32f10x_i2c.c...
compiling stm32f10x_iwdg.c...
compiling stm32f10x_pwr.c...
compiling stm32f10x_rcc.c...
compiling stm32f10x_rtc.c...
compiling stm32f10x_sdio.c...
compiling stm32f10x_spi.c...
compiling stm32f10x_tim.c...
compiling stm32f10x_usart.c...
compiling stm32f10x_wwdg.c...
compiling core_cm3.c...
compiling system_stm32f10x.c...
compiling main.c...
compiling stm32f10x_it.c...
linking...
Program Size: Code=6216 RO-data=336 RW-data=40 ZI-data=1632  
FromELF: creating hex file...
"..\Output\STM-DEMO.axf" - 0 Error(s), 0 Warning(s).
Build target 'Target 1'
compiling main.c...
main.c(7): warning:  #177-D: variable "GPIO_InitStructure" was declared but never referenced
linking...
Program Size: Code=6216 RO-data=336 RW-data=40 ZI-data=1632  
FromELF: creating hex file...
"..\Output\STM-DEMO.axf" - 0 Error(s), 1 Warning(s).
compiling main.c...
main.c(7): warning:  #177-D: variable "GPIO_InitStructure" was declared but never referenced
main.c - 0 Error(s), 1 Warning(s).
compiling main.c...
main.c(10): error:  #167: argument of type "uint16_t" is incompatible with parameter of type "GPIO_InitTypeDef *"
main.c(5): warning:  #550-D: variable "GPIO_InitStructure" was set but never used
main.c - 1 Error(s), 1 Warning(s).
compiling main.c...
main.c(10): error:  #167: argument of type "uint16_t" is incompatible with parameter of type "GPIO_InitTypeDef *"
main.c(11): error:  #167: argument of type "GPIO_InitTypeDef *" is incompatible with parameter of type "uint16_t"
main.c - 2 Error(s), 0 Warning(s).
compiling main.c...
main.c(10): error:  #167: argument of type "uint16_t" is incompatible with parameter of type "GPIO_InitTypeDef *"
main.c(11): error:  #167: argument of type "GPIO_InitTypeDef *" is incompatible with parameter of type "uint16_t"
main.c - 2 Error(s), 0 Warning(s).
compiling main.c...
main.c(10): error:  #167: argument of type "uint16_t" is incompatible with parameter of type "GPIO_InitTypeDef *"
main.c(11): error:  #167: argument of type "GPIO_InitTypeDef *" is incompatible with parameter of type "uint16_t"
main.c - 2 Error(s), 0 Warning(s).
compiling main.c...
main.c(11): error:  #167: argument of type "GPIO_InitTypeDef *" is incompatible with parameter of type "uint16_t"
main.c - 1 Error(s), 0 Warning(s).
compiling main.c...
main.c(5): warning:  #550-D: variable "GPIO_InitStructure" was set but never used
main.c - 0 Error(s), 1 Warning(s).
compiling main.c...
main.c(11): error:  #167: argument of type "GPIO_InitTypeDef *" is incompatible with parameter of type "uint16_t"
main.c - 1 Error(s), 0 Warning(s).
compiling main.c...
main.c - 0 Error(s), 0 Warning(s).
compiling main.c...
main.c(6): warning:  #223-D: function "APB2PeriphClockCmd" declared implicitly
main.c(7): error:  #65: expected a ";"
main.c(13): error:  #127: expected a statement
main.c - 2 Error(s), 1 Warning(s).
compiling main.c...
main.c(2): error:  #5: cannot open source input file "delay.h": No such file or directory
main.c - 1 Error(s), 0 Warning(s).
Build target 'Target 1'
compiling misc.c...
compiling stm32f10x_adc.c...
compiling stm32f10x_bkp.c...
compiling stm32f10x_can.c...
compiling stm32f10x_cec.c...
compiling stm32f10x_crc.c...
compiling stm32f10x_dac.c...
compiling stm32f10x_dbgmcu.c...
compiling stm32f10x_dma.c...
compiling stm32f10x_exti.c...
compiling stm32f10x_flash.c...
compiling stm32f10x_fsmc.c...
compiling stm32f10x_gpio.c...
compiling stm32f10x_i2c.c...
compiling stm32f10x_iwdg.c...
compiling stm32f10x_pwr.c...
compiling stm32f10x_rcc.c...
compiling stm32f10x_rtc.c...
compiling stm32f10x_sdio.c...
compiling stm32f10x_spi.c...
compiling stm32f10x_tim.c...
compiling stm32f10x_usart.c...
compiling stm32f10x_wwdg.c...
compiling core_cm3.c...
compiling system_stm32f10x.c...
compiling main.c...
..\Zlib\inc\z_delay.h(4): error:  #5: cannot open source input file "STC15_ClkVarType.h": No such file or directory
compiling stm32f10x_it.c...
Target not created
Build target 'Target 1'
compiling main.c...
..\Zlib\inc\z_delay.h(6): error:  #20: identifier "uint32" is undefined
main.c(7): warning:  #223-D: function "APB2PeriphClockCmd" declared implicitly
main.c(8): error:  #65: expected a ";"
main.c(14): error:  #127: expected a statement
Target not created
Build target 'Target 1'
compiling main.c...
main.c(7): warning:  #223-D: function "APB2PeriphClockCmd" declared implicitly
main.c(8): error:  #65: expected a ";"
main.c(14): error:  #127: expected a statement
Target not created
compiling main.c...
main.c(6): warning:  #223-D: function "APB2PeriphClockCmd" declared implicitly
main.c(7): error:  #268: declaration may not appear after executable statement in block
main.c(15): error:  #127: expected a statement
main.c - 2 Error(s), 1 Warning(s).
Build target 'Target 1'
compiling main.c...
main.c(6): warning:  #223-D: function "APB2PeriphClockCmd" declared implicitly
main.c(7): error:  #268: declaration may not appear after executable statement in block
main.c(15): error:  #127: expected a statement
Target not created
compiling main.c...
main.c(7): error:  #268: declaration may not appear after executable statement in block
main.c(15): error:  #127: expected a statement
main.c - 2 Error(s), 0 Warning(s).
compiling main.c...
main.c(15): error:  #127: expected a statement
main.c - 1 Error(s), 0 Warning(s).
compiling main.c...
main.c - 0 Error(s), 0 Warning(s).
compiling main.c...
main.c - 0 Error(s), 0 Warning(s).
Build target 'Target 1'
linking...
..\Output\STM-DEMO.axf: Error: L6218E: Undefined symbol Delay (referred from main.o).
Target not created
compiling main.c...
main.c - 0 Error(s), 0 Warning(s).
Build target 'Target 1'
linking...
..\Output\STM-DEMO.axf: Error: L6218E: Undefined symbol Delay (referred from main.o).
Target not created
Build target 'Target 1'
compiling z_delay.c...
..\CMSIS\core_cm3.h(1502): error:  #20: identifier "IRQn_Type" is undefined
..\CMSIS\core_cm3.h(1515): error:  #20: identifier "IRQn_Type" is undefined
..\CMSIS\core_cm3.h(1529): error:  #20: identifier "IRQn_Type" is undefined
..\CMSIS\core_cm3.h(1542): error:  #20: identifier "IRQn_Type" is undefined
..\CMSIS\core_cm3.h(1555): error:  #20: identifier "IRQn_Type" is undefined
..\CMSIS\core_cm3.h(1569): error:  #20: identifier "IRQn_Type" is undefined
..\CMSIS\core_cm3.h(1586): error:  #20: identifier "IRQn_Type" is undefined
..\CMSIS\core_cm3.h(1609): error:  #20: identifier "IRQn_Type" is undefined
..\CMSIS\core_cm3.h(1699): error:  #20: identifier "SysTick_IRQn" is undefined
..\Zlib\src\z_delay.c(5): error:  #20: identifier "uint32" is undefined
..\Zlib\src\z_delay.c(7): error:  #127: expected a statement
Target not created
compiling main.c...
main.c - 0 Error(s), 0 Warning(s).
Build target 'Target 1'
compiling z_delay.c...
..\CMSIS\core_cm3.h(1502): error:  #20: identifier "IRQn_Type" is undefined
..\CMSIS\core_cm3.h(1515): error:  #20: identifier "IRQn_Type" is undefined
..\CMSIS\core_cm3.h(1529): error:  #20: identifier "IRQn_Type" is undefined
..\CMSIS\core_cm3.h(1542): error:  #20: identifier "IRQn_Type" is undefined
..\CMSIS\core_cm3.h(1555): error:  #20: identifier "IRQn_Type" is undefined
..\CMSIS\core_cm3.h(1569): error:  #20: identifier "IRQn_Type" is undefined
..\CMSIS\core_cm3.h(1586): error:  #20: identifier "IRQn_Type" is undefined
..\CMSIS\core_cm3.h(1609): error:  #20: identifier "IRQn_Type" is undefined
..\CMSIS\core_cm3.h(1699): error:  #20: identifier "SysTick_IRQn" is undefined
..\Zlib\src\z_delay.c(5): error:  #20: identifier "uint32" is undefined
..\Zlib\src\z_delay.c(7): error:  #127: expected a statement
Target not created
compiling z_delay.c...
..\CMSIS\core_cm3.h(1502): error:  #20: identifier "IRQn_Type" is undefined
..\CMSIS\core_cm3.h(1515): error:  #20: identifier "IRQn_Type" is undefined
..\CMSIS\core_cm3.h(1529): error:  #20: identifier "IRQn_Type" is undefined
..\CMSIS\core_cm3.h(1542): error:  #20: identifier "IRQn_Type" is undefined
..\CMSIS\core_cm3.h(1555): error:  #20: identifier "IRQn_Type" is undefined
..\CMSIS\core_cm3.h(1569): error:  #20: identifier "IRQn_Type" is undefined
..\CMSIS\core_cm3.h(1586): error:  #20: identifier "IRQn_Type" is undefined
..\CMSIS\core_cm3.h(1609): error:  #20: identifier "IRQn_Type" is undefined
..\CMSIS\core_cm3.h(1699): error:  #20: identifier "SysTick_IRQn" is undefined
..\Zlib\src\z_delay.c(5): error:  #20: identifier "uint32" is undefined
..\Zlib\src\z_delay.c - 10 Error(s), 0 Warning(s).
compiling z_delay.c...
..\CMSIS\core_cm3.h(1502): error:  #20: identifier "IRQn_Type" is undefined
..\CMSIS\core_cm3.h(1515): error:  #20: identifier "IRQn_Type" is undefined
..\CMSIS\core_cm3.h(1529): error:  #20: identifier "IRQn_Type" is undefined
..\CMSIS\core_cm3.h(1542): error:  #20: identifier "IRQn_Type" is undefined
..\CMSIS\core_cm3.h(1555): error:  #20: identifier "IRQn_Type" is undefined
..\CMSIS\core_cm3.h(1569): error:  #20: identifier "IRQn_Type" is undefined
..\CMSIS\core_cm3.h(1586): error:  #20: identifier "IRQn_Type" is undefined
..\CMSIS\core_cm3.h(1609): error:  #20: identifier "IRQn_Type" is undefined
..\CMSIS\core_cm3.h(1699): error:  #20: identifier "SysTick_IRQn" is undefined
..\Zlib\src\z_delay.c - 9 Error(s), 0 Warning(s).
Build target 'Target 1'
compiling z_delay.c...
..\Zlib\inc\z_delay.h(6): error:  #20: identifier "uint32_t" is undefined
..\Zlib\src\z_delay.c(3): error:  #20: identifier "uint32_t" is undefined
..\Zlib\src\z_delay.c(5): error:  #20: identifier "uint32_t" is undefined
compiling main.c...
Target not created
Build target 'Target 1'
compiling z_delay.c...
..\Zlib\inc\z_delay.h(7): error:  #18: expected a ")"
..\Zlib\inc\z_delay.h(7): error:  #77-D: this declaration has no storage class or type specifier
..\Zlib\inc\z_delay.h(7): error:  #65: expected a ";"
..\Zlib\src\z_delay.c(3): error:  #18: expected a ")"
..\Zlib\src\z_delay.c(3): error:  #77-D: this declaration has no storage class or type specifier
..\Zlib\src\z_delay.c(3): error:  #65: expected a ";"
..\Zlib\src\z_delay.c(11): warning: At end of source:  #12-D: parsing restarts here after previous syntax error
compiling main.c...
..\Zlib\inc\z_delay.h(7): error:  #18: expected a ")"
..\Zlib\inc\z_delay.h(7): error:  #77-D: this declaration has no storage class or type specifier
..\Zlib\inc\z_delay.h(7): error:  #65: expected a ";"
main.c(7): error:  #18: expected a ")"
main.c(7): error:  #29: expected an expression
main.c(7): error:  #18: expected a ")"
main.c(7): error:  #165: too few arguments in function call
main.c(7): error:  #18: expected a ")"
main.c(7): error:  #29: expected an expression
main.c(12): error:  #18: expected a ")"
main.c(12): error:  #29: expected an expression
main.c(12): error:  #18: expected a ")"
main.c(12): error:  #18: expected a ")"
main.c(12): error:  #18: expected a ")"
main.c(12): error:  #18: expected a ")"
main.c(12): error:  #165: too few arguments in function call
main.c(12): error:  #18: expected a ")"
main.c(12): error:  #29: expected an expression
main.c(16): error:  #18: expected a ")"
main.c(16): error:  #29: expected an expression
main.c(16): error:  #18: expected a ")"
main.c(16): error:  #18: expected a ")"
main.c(16): error:  #18: expected a ")"
main.c(16): error:  #18: expected a ")"
main.c(16): error:  #165: too few arguments in function call
main.c(16): error:  #18: expected a ")"
main.c(16): error:  #29: expected an expression
main.c(18): error:  #18: expected a ")"
main.c(18): error:  #29: expected an expression
main.c(18): error:  #18: expected a ")"
Target not created
Build target 'Target 1'
compiling z_delay.c...
compiling main.c...
linking...
Program Size: Code=6292 RO-data=336 RW-data=40 ZI-data=1632  
FromELF: creating hex file...
"..\Output\STM-DEMO.axf" - 0 Error(s), 0 Warning(s).
Build target 'Target 1'
compiling main.c...
linking...
Program Size: Code=6292 RO-data=336 RW-data=40 ZI-data=1632  
FromELF: creating hex file...
"..\Output\STM-DEMO.axf" - 0 Error(s), 0 Warning(s).
Build target 'Target 1'
assembling startup_stm32f10x_hd.s...
compiling misc.c...
compiling stm32f10x_adc.c...
compiling stm32f10x_bkp.c...
compiling stm32f10x_can.c...
compiling stm32f10x_cec.c...
compiling stm32f10x_crc.c...
compiling stm32f10x_dac.c...
compiling stm32f10x_dbgmcu.c...
compiling stm32f10x_dma.c...
compiling stm32f10x_exti.c...
compiling stm32f10x_flash.c...
compiling stm32f10x_fsmc.c...
compiling stm32f10x_gpio.c...
compiling stm32f10x_i2c.c...
compiling stm32f10x_iwdg.c...
compiling stm32f10x_pwr.c...
compiling stm32f10x_rcc.c...
compiling stm32f10x_rtc.c...
compiling stm32f10x_sdio.c...
compiling stm32f10x_spi.c...
compiling stm32f10x_tim.c...
compiling stm32f10x_usart.c...
compiling stm32f10x_wwdg.c...
compiling z_delay.c...
compiling core_cm3.c...
compiling system_stm32f10x.c...
compiling main.c...
compiling stm32f10x_it.c...
linking...
Program Size: Code=6292 RO-data=336 RW-data=40 ZI-data=1632  
FromELF: creating hex file...
"..\Output\STM-DEMO.axf" - 0 Error(s), 0 Warning(s).
Build target 'Target 1'
assembling startup_stm32f10x_hd.s...
compiling misc.c...
compiling stm32f10x_adc.c...
compiling stm32f10x_bkp.c...
compiling stm32f10x_can.c...
compiling stm32f10x_cec.c...
compiling stm32f10x_crc.c...
compiling stm32f10x_dac.c...
compiling stm32f10x_dbgmcu.c...
compiling stm32f10x_dma.c...
compiling stm32f10x_exti.c...
compiling stm32f10x_flash.c...
compiling stm32f10x_fsmc.c...
compiling stm32f10x_gpio.c...
compiling stm32f10x_i2c.c...
compiling stm32f10x_iwdg.c...
compiling stm32f10x_pwr.c...
compiling stm32f10x_rcc.c...
compiling stm32f10x_rtc.c...
compiling stm32f10x_sdio.c...
compiling stm32f10x_spi.c...
compiling stm32f10x_tim.c...
compiling stm32f10x_usart.c...
compiling stm32f10x_wwdg.c...
compiling z_delay.c...
compiling core_cm3.c...
compiling system_stm32f10x.c...
compiling main.c...
compiling stm32f10x_it.c...
linking...
Program Size: Code=6292 RO-data=336 RW-data=40 ZI-data=1632  
FromELF: creating hex file...
"..\Output\STM-DEMO.axf" - 0 Error(s), 0 Warning(s).
Build target 'Target 1'
compiling main.c...
linking...
Program Size: Code=6276 RO-data=336 RW-data=40 ZI-data=1632  
FromELF: creating hex file...
"..\Output\STM-DEMO.axf" - 0 Error(s), 0 Warning(s).
Build target 'Target 1'
compiling main.c...
linking...
Program Size: Code=6272 RO-data=336 RW-data=40 ZI-data=1632  
FromELF: creating hex file...
"..\Output\STM-DEMO.axf" - 0 Error(s), 0 Warning(s).
Build target 'Target 1'
compiling main.c...
linking...
Program Size: Code=6288 RO-data=336 RW-data=40 ZI-data=1632  
FromELF: creating hex file...
"..\Output\STM-DEMO.axf" - 0 Error(s), 0 Warning(s).
Build target 'Target 1'
compiling main.c...
linking...
Program Size: Code=6288 RO-data=336 RW-data=40 ZI-data=1632  
FromELF: creating hex file...
"..\Output\STM-DEMO.axf" - 0 Error(s), 0 Warning(s).
Build target 'Target 1'
compiling main.c...
linking...
Program Size: Code=6320 RO-data=336 RW-data=40 ZI-data=1632  
FromELF: creating hex file...
"..\Output\STM-DEMO.axf" - 0 Error(s), 0 Warning(s).
Build target 'Target 1'
compiling main.c...
linking...
Program Size: Code=6312 RO-data=336 RW-data=40 ZI-data=1632  
FromELF: creating hex file...
"..\Output\STM-DEMO.axf" - 0 Error(s), 0 Warning(s).
Build target 'Target 1'
compiling main.c...
linking...
Program Size: Code=6320 RO-data=336 RW-data=40 ZI-data=1632  
FromELF: creating hex file...
"..\Output\STM-DEMO.axf" - 0 Error(s), 0 Warning(s).
Build target 'Target 1'
compiling main.c...
linking...
Program Size: Code=6288 RO-data=336 RW-data=40 ZI-data=1632  
FromELF: creating hex file...
"..\Output\STM-DEMO.axf" - 0 Error(s), 0 Warning(s).
compiling main.c...
main.c - 0 Error(s), 0 Warning(s).
Build target 'Target 1'
linking...
Program Size: Code=6292 RO-data=336 RW-data=40 ZI-data=1632  
FromELF: creating hex file...
"..\Output\STM-DEMO.axf" - 0 Error(s), 0 Warning(s).
compiling main.c...
main.c(18): warning:  #69-D: integer conversion resulted in truncation
main.c - 0 Error(s), 1 Warning(s).
compiling main.c...
main.c - 0 Error(s), 0 Warning(s).
Build target 'Target 1'
linking...
Program Size: Code=6292 RO-data=336 RW-data=40 ZI-data=1632  
FromELF: creating hex file...
"..\Output\STM-DEMO.axf" - 0 Error(s), 0 Warning(s).
Build target 'Target 1'
compiling main.c...
linking...
Program Size: Code=6288 RO-data=336 RW-data=40 ZI-data=1632  
FromELF: creating hex file...
"..\Output\STM-DEMO.axf" - 0 Error(s), 0 Warning(s).
Build target 'Target 1'
compiling main.c...
linking...
Program Size: Code=6288 RO-data=336 RW-data=40 ZI-data=1632  
FromELF: creating hex file...
"..\Output\STM-DEMO.axf" - 0 Error(s), 0 Warning(s).
Build target 'Target 1'
compiling main.c...
linking...
Program Size: Code=6288 RO-data=336 RW-data=40 ZI-data=1632  
FromELF: creating hex file...
"..\Output\STM-DEMO.axf" - 0 Error(s), 0 Warning(s).
Build target 'Target 1'
compiling main.c...
linking...
Program Size: Code=6288 RO-data=336 RW-data=40 ZI-data=1632  
FromELF: creating hex file...
"..\Output\STM-DEMO.axf" - 0 Error(s), 0 Warning(s).
Build target 'Target 1'
compiling main.c...
linking...
Program Size: Code=6288 RO-data=336 RW-data=40 ZI-data=1632  
FromELF: creating hex file...
"..\Output\STM-DEMO.axf" - 0 Error(s), 0 Warning(s).
compiling main.c...
main.c - 0 Error(s), 0 Warning(s).
Build target 'Target 1'
compiling z_delay.c...
compiling main.c...
linking...
Program Size: Code=6288 RO-data=336 RW-data=40 ZI-data=1632  
FromELF: creating hex file...
"..\Output\STM-DEMO.axf" - 0 Error(s), 0 Warning(s).
Build target 'Target 1'
linking...
Program Size: Code=6288 RO-data=336 RW-data=40 ZI-data=1632  
FromELF: creating hex file...
"..\Output\STM-DEMO.axf" - 0 Error(s), 0 Warning(s).
Build target 'Target 1'
compiling z_delay.c...
..\Zlib\inc\z_delay.h(7): error:  #20: identifier "uint32_t" is undefined
..\Zlib\src\z_delay.c(3): error:  #20: identifier "uint32_t" is undefined
..\Zlib\src\z_delay.c(5): error:  #20: identifier "uint32_t" is undefined
compiling main.c...
Target not created
Build target 'Target 1'
compiling z_delay.c...
compiling main.c...
linking...
Program Size: Code=6288 RO-data=336 RW-data=40 ZI-data=1632  
FromELF: creating hex file...
"..\Output\STM-DEMO.axf" - 0 Error(s), 0 Warning(s).
Build target 'Target 1'
compiling z_delay.c...
compiling main.c...
linking...
Program Size: Code=6288 RO-data=336 RW-data=40 ZI-data=1632  
FromELF: creating hex file...
"..\Output\STM-DEMO.axf" - 0 Error(s), 0 Warning(s).
Build target 'Target 1'
assembling startup_stm32f10x_hd.s...
compiling misc.c...
compiling stm32f10x_adc.c...
compiling stm32f10x_bkp.c...
compiling stm32f10x_can.c...
compiling stm32f10x_cec.c...
compiling stm32f10x_crc.c...
compiling stm32f10x_dac.c...
compiling stm32f10x_dbgmcu.c...
compiling stm32f10x_dma.c...
compiling stm32f10x_exti.c...
compiling stm32f10x_flash.c...
compiling stm32f10x_fsmc.c...
compiling stm32f10x_gpio.c...
compiling stm32f10x_i2c.c...
compiling stm32f10x_iwdg.c...
compiling stm32f10x_pwr.c...
compiling stm32f10x_rcc.c...
compiling stm32f10x_rtc.c...
compiling stm32f10x_sdio.c...
compiling stm32f10x_spi.c...
compiling stm32f10x_tim.c...
compiling stm32f10x_usart.c...
compiling stm32f10x_wwdg.c...
compiling z_delay.c...
compiling core_cm3.c...
compiling system_stm32f10x.c...
compiling main.c...
compiling stm32f10x_it.c...
linking...
Program Size: Code=6288 RO-data=336 RW-data=40 ZI-data=1632  
FromELF: creating hex file...
"..\Output\STM-DEMO.axf" - 0 Error(s), 0 Warning(s).
